// Jest Snapshot v1, https://goo.gl/fbAQLP

exports[`testCodeRender 1`] = `"<span style="color: red;" >3</span> <span style="color: red;" >3</span>"`;
